#-----------------------------------------------------------
# Vivado v2023.1 (64-bit)
# SW Build 3865809 on Sun May  7 15:05:29 MDT 2023
# IP Build 3864474 on Sun May  7 20:36:21 MDT 2023
# SharedData Build 3865790 on Sun May 07 13:33:03 MDT 2023
# Start of session at: Wed Nov 20 11:16:50 2024
# Process ID: 19188
# Current directory: D:/Users/daanv/Documents/GitHub/PWM_controller_motor/PWM_Control
# Command line: vivado.exe -gui_launcher_event rodinguilauncherevent2500 D:\Users\daanv\Documents\GitHub\PWM_controller_motor\PWM_Control\PWM_Control.xpr
# Log file: D:/Users/daanv/Documents/GitHub/PWM_controller_motor/PWM_Control/vivado.log
# Journal file: D:/Users/daanv/Documents/GitHub/PWM_controller_motor/PWM_Control\vivado.jou
# Running On: Desktop_Daan, OS: Windows, CPU Frequency: 3593 MHz, CPU Physical cores: 12, Host memory: 17077 MB
#-----------------------------------------------------------
start_gui
open_project D:/Users/daanv/Documents/GitHub/PWM_controller_motor/PWM_Control/PWM_Control.xpr
open_bd_design {D:/Users/daanv/Documents/GitHub/PWM_controller_motor/PWM_Control/PWM_Control.srcs/sources_1/bd/PWM_Over/PWM_Over.bd}
update_compile_order -fileset sources_1
set_property location {4 1019 189} [get_bd_cells Comparator_0]
set_property location {4 1031 180} [get_bd_cells Comparator_0]
