15:25:49 **** Incremental Build of configuration Debug for project Pwm_motor_prog ****
make all 
make --no-print-directory pre-build
a9-linaro-pre-build-step
' '
make --no-print-directory main-build
'Building file: ../src/helloworld.c'
'Invoking: ARM v7 gcc compiler'
arm-none-eabi-gcc -Wall -O0 -g3 -c -fmessage-length=0 -MT"src/helloworld.o" -mcpu=cortex-a9 -mfpu=vfpv3 -mfloat-abi=hard -IC:/Users/daanv/Desktop/Git/PWM_controller_motor/PWM_Control/PWM_Control_SW/pynq_pwm/export/pynq_pwm/sw/pynq_pwm/standalone_domain/bspinclude/include -MMD -MP -MF"src/helloworld.d" -MT"src/helloworld.o" -o "src/helloworld.o" "../src/helloworld.c"
'Finished building: ../src/helloworld.c'
' '
'Building target: Pwm_motor_prog.elf'
'Invoking: ARM v7 gcc linker'
arm-none-eabi-gcc -mcpu=cortex-a9 -mfpu=vfpv3 -mfloat-abi=hard -Wl,-build-id=none -specs=Xilinx.spec -Wl,-T -Wl,../src/lscript.ld -LC:/Users/daanv/Desktop/Git/PWM_controller_motor/PWM_Control/PWM_Control_SW/pynq_pwm/export/pynq_pwm/sw/pynq_pwm/standalone_domain/bsplib/lib -o "Pwm_motor_prog.elf"  ./src/helloworld.o ./src/motor_controller.o ./src/platform.o   -Wl,--start-group,-lxil,-lgcc,-lc,--end-group
'Finished building target: Pwm_motor_prog.elf'
' '
'Invoking: ARM v7 Print Size'
arm-none-eabi-size Pwm_motor_prog.elf  |tee "Pwm_motor_prog.elf.size"
   text	   data	    bss	    dec	    hex	filename
  20170	   1176	  22584	  43930	   ab9a	Pwm_motor_prog.elf
'Finished building: Pwm_motor_prog.elf.size'
' '
15:25:50 **** Incremental Build of configuration Debug for project Pwm_motor_prog_system ****
make all 
Generating bif file for the system project
generate_system_bif.bat 50269 C:/Users/daanv/Desktop/Git/PWM_controller_motor/PWM_Control/PWM_Control_SW/pynq_pwm/export/pynq_pwm/pynq_pwm.xpfm standalone_domain C:/Users/daanv/Desktop/Git/PWM_controller_motor/PWM_Control/PWM_Control_SW/Pwm_motor_prog_system/Debug/system.bif
sdcard_gen --xpfm C:/Users/daanv/Desktop/Git/PWM_controller_motor/PWM_Control/PWM_Control_SW/pynq_pwm/export/pynq_pwm/pynq_pwm.xpfm --sys_config pynq_pwm --bif C:/Users/daanv/Desktop/Git/PWM_controller_motor/PWM_Control/PWM_Control_SW/Pwm_motor_prog_system/Debug/system.bif --bitstream C:/Users/daanv/Desktop/Git/PWM_controller_motor/PWM_Control/PWM_Control_SW/Pwm_motor_prog/_ide/bitstream/Pwm_generator_zynq_wrapper.bit --elf C:/Users/daanv/Desktop/Git/PWM_controller_motor/PWM_Control/PWM_Control_SW/Pwm_motor_prog/Debug/Pwm_motor_prog.elf,ps7_cortexa9_0
creating BOOT.BIN using C:/Users/daanv/Desktop/Git/PWM_controller_motor/PWM_Control/PWM_Control_SW/Pwm_motor_prog/_ide/bitstream/Pwm_generator_zynq_wrapper.bit
Running C:/Xilinx/Vitis/2023.1/bin/bootgen  -image C:/Users/daanv/Desktop/Git/PWM_controller_motor/PWM_Control/PWM_Control_SW/Pwm_motor_prog_system/Debug/sd_card_temp/boot.bif -w -o i BOOT.BIN
Nothing to build in platform 'pwm_motor_plat'

