13:18:23 **** Incremental Build of configuration Debug for project Pwm_controller_motorcontroller_app ****
make all 
make --no-print-directory pre-build
a9-linaro-pre-build-step
' '
make --no-print-directory main-build
'Building file: ../src/motor_controller.c'
'Invoking: ARM v7 gcc compiler'
arm-none-eabi-gcc -Wall -O0 -g3 -c -fmessage-length=0 -MT"src/motor_controller.o" -mcpu=cortex-a9 -mfpu=vfpv3 -mfloat-abi=hard -IC:/Users/daanv/Desktop/Git/PWM_controller_motor/PWM_Control/PWM_Control_SW/Pwm_controller_motorcontroller/export/Pwm_controller_motorcontroller/sw/Pwm_controller_motorcontroller/standalone_domain/bspinclude/include -MMD -MP -MF"src/motor_controller.d" -MT"src/motor_controller.o" -o "src/motor_controller.o" "../src/motor_controller.c"
'Finished building: ../src/motor_controller.c'
' '
'Building target: Pwm_controller_motorcontroller_app.elf'
'Invoking: ARM v7 gcc linker'
arm-none-eabi-gcc -mcpu=cortex-a9 -mfpu=vfpv3 -mfloat-abi=hard -Wl,-build-id=none -specs=Xilinx.spec -Wl,-T -Wl,../src/lscript.ld -LC:/Users/daanv/Desktop/Git/PWM_controller_motor/PWM_Control/PWM_Control_SW/Pwm_controller_motorcontroller/export/Pwm_controller_motorcontroller/sw/Pwm_controller_motorcontroller/standalone_domain/bsplib/lib -o "Pwm_controller_motorcontroller_app.elf"  ./src/helloworld.o ./src/motor_controller.o ./src/platform.o   -Wl,--start-group,-lxil,-lgcc,-lc,--end-group
'Finished building target: Pwm_controller_motorcontroller_app.elf'
' '
'Invoking: ARM v7 Print Size'
arm-none-eabi-size Pwm_controller_motorcontroller_app.elf  |tee "Pwm_controller_motorcontroller_app.elf.size"
   text	   data	    bss	    dec	    hex	filename
  20190	   1176	  22584	  43950	   abae	Pwm_controller_motorcontroller_app.elf
'Finished building: Pwm_controller_motorcontroller_app.elf.size'
' '

13:18:23 Build Finished (took 734ms)

